// Jest Snapshot v1, https://goo.gl/fbAQLP

exports[`<Button /> rendering renders correctly 1`] = `
<button
  alt="IDLE"
  className="jsx-416226579 Button"
  title="IDLE"
>
  IDLE
</button>
`;
